[2026-05-27 12:57:09] [INFO] core.sh loaded (TT v0.1.0)
[2026-05-27 12:57:10] [INFO] core.sh loaded (TT v0.1.0)
[2026-05-27 12:57:11] [INFO] detect_all 完成
[2026-05-27 12:57:12] [INFO] core.sh loaded (TT v0.1.0)
[2026-05-27 12:57:12] [INFO] profile_show: medium
[2026-05-27 12:57:34] [INFO] core.sh loaded (TT v0.1.0)
[2026-05-27 12:57:36] [INFO] core.sh loaded (TT v0.1.0)
[2026-05-27 12:57:37] [INFO] detect_all 完成
[2026-05-27 12:58:03] [INFO] core.sh loaded (TT v0.1.0)
[2026-05-27 13:00:57] [INFO] core.sh loaded (TT v0.1.0)
[2026-05-27 13:03:16] [INFO] core.sh loaded (TT v0.1.0)
[2026-05-27 13:03:16] [INFO] core.sh loaded (TT v0.1.0)
[2026-05-27 13:03:18] [INFO] detect_all 完成
[2026-05-27 13:03:18] [INFO] core.sh loaded (TT v0.1.0)
[2026-05-27 13:03:18] [INFO] core.sh loaded (TT v0.1.0)
[2026-05-27 13:06:03] [INFO] core.sh loaded (TT v0.1.0)
[2026-05-27 13:06:03] [INFO] core.sh loaded (TT v0.1.0)
[2026-05-27 13:06:05] [INFO] detect_all 完成
[2026-05-27 13:17:24] [INFO] core.sh loaded (TT v0.1.0)
[2026-05-27 13:17:24] [INFO] core.sh loaded (TT v0.1.0)
[2026-05-27 13:17:25] [INFO] detect_all 完成
[2026-05-27 13:17:25] [INFO] core.sh loaded (TT v0.1.0)
[2026-05-27 13:20:46] [INFO] core.sh loaded (TT v0.1.0)
[2026-05-27 13:20:48] [ERROR] 容器启动失败
[2026-05-27 13:21:46] [INFO] core.sh loaded (TT v0.1.0)
[2026-05-27 13:21:46] [ERROR] 容器启动失败
[2026-05-27 13:22:35] [INFO] core.sh loaded (TT v0.1.0)
[2026-05-27 13:22:37] [ERROR] 容器启动失败
[2026-05-27 13:23:03] [INFO] core.sh loaded (TT v0.1.0)
[2026-05-27 13:23:49] [INFO] nginx reload 成功 (docker)
[2026-05-27 13:24:06] [INFO] core.sh loaded (TT v0.1.0)
[2026-05-27 13:24:17] [INFO] core.sh loaded (TT v0.1.0)
[2026-05-27 13:24:24] [INFO] core.sh loaded (TT v0.1.0)
[2026-05-27 13:24:33] [INFO] RUN: certbot certonly --webroot -w /home/web/html -d toko.Kazerush.xyz --email admin@toko.Kazerush.xyz --non-interactive --agree-tos --keep-until-expiring
[2026-05-27 13:24:37] [INFO] OK: 申请证书
[2026-05-27 13:24:37] [WARN] letsencrypt 目录不存在: /etc/letsencrypt/live/toko.Kazerush.xyz
[2026-05-27 13:25:09] [INFO] core.sh loaded (TT v0.1.0)
[2026-05-27 13:25:22] [INFO] core.sh loaded (TT v0.1.0)
[2026-05-27 13:25:40] [INFO] core.sh loaded (TT v0.1.0)
